// Jest Snapshot v1, https://goo.gl/fbAQLP

exports[`textSelector component renders a snapshot 1`] = `
<Fragment>
  <input
    name="color"
    type="color"
    value="blue"
  />
  <input
    name="color"
    type="color"
    value="green"
  />
</Fragment>
`;
